./src/common/stdpbase.cpp(59): assert ""traits"" failed in Get(): create wxApp before calling this
INFO: Loading schematic data from /var/folders/ds/0jn6lccn1g331vcm8wgshsgm0000gn/T/.tmpzwWD0x/netlist.json
INFO: Parsing JSON netlist from /var/folders/ds/0jn6lccn1g331vcm8wgshsgm0000gn/T/.tmpzwWD0x/netlist.json
INFO: Found module MCU.R_RUN_PU with layout_path: None
INFO: Found module R_VBUS_DIV_H with layout_path: None
INFO: Found module LDO_3V3.R_EN_PU with layout_path: None
INFO: Found module USB_C.C_VBUS with layout_path: None
INFO: Found module MCU.C_IOVDD_4 with layout_path: None
INFO: Found module TP_VBUS with layout_path: None
INFO: Found module LED_G with layout_path: None
INFO: Found module LED_O2.D with layout_path: None
INFO: Found module MCU.C_IOVDD_3 with layout_path: None
INFO: Found module LED_B with layout_path: None
INFO: Found module MCU.C_DVDD_1 with layout_path: None
INFO: Found module LED_G.R_D with layout_path: None
INFO: Found module LED_O3 with layout_path: None
INFO: Found module MCU.C_IOVDD_1 with layout_path: None
INFO: Found module LED_PWR.R_D with layout_path: None
INFO: Found module USB_C with layout_path: /Users/akhilles/src/diode/demo/modules/build/USB4105
INFO: Found module LDO_3V3 with layout_path: None
INFO: Found module R_VBUS_DIV_L with layout_path: None
INFO: Found module USB_C.R_CC2 with layout_path: None
INFO: Found module MCU.R_USB_DM with layout_path: None
INFO: Found module MCU.C_IOVDD_5 with layout_path: None
INFO: Found module LED_G.D with layout_path: None
INFO: Found module MCU.SW_BOOTSEL with layout_path: None
INFO: Found module MCU.TP_SWDIO with layout_path: None
INFO: Found module MCU.C_RUN_POR with layout_path: None
INFO: Found module LED_B.R_D with layout_path: None
INFO: Found module LED_O2 with layout_path: None
INFO: Found module LED_O3.R_D with layout_path: None
INFO: Found module LED_O1.R_D with layout_path: None
INFO: Found module MCU.C_USB_VDD with layout_path: None
INFO: Found module MCU.FLASH.C_FLASH_DEC with layout_path: None
INFO: Found module TP_GND with layout_path: None
INFO: Found module MCU.TP_SWCLK with layout_path: None
INFO: Found module LDO_3V3.R_FB2 with layout_path: None
INFO: Found module LDO_3V3.C_IN with layout_path: None
INFO: Found module MCU.C_IOVDD_6 with layout_path: None
INFO: Found module MCU.C_IOVDD_2 with layout_path: None
INFO: Found module USB_C.TVS with layout_path: None
INFO: Found module MCU.FLASH.R_FLASH_IO2 with layout_path: None
INFO: Found module MCU with layout_path: /Users/akhilles/src/diode/demo/modules/build/RP2040
INFO: Found module LED_O3.D with layout_path: None
INFO: Found module MCU.C_DVDD_2 with layout_path: None
INFO: Found module TP_3V3 with layout_path: None
INFO: Found module USB_C.D_TVS_VBUS with layout_path: None
INFO: Found module LED_B.D with layout_path: None
INFO: Found module MCU.R_USB_DP with layout_path: None
INFO: Found module MCU.FLASH.R_FLASH_CS with layout_path: None
INFO: Found module LDO_3V3.R_FB1 with layout_path: None
INFO: Found module USB_C.FB_VBUS with layout_path: None
INFO: Found module MCU.XO with layout_path: None
INFO: Found module MCU.C_VREG_VOUT with layout_path: None
INFO: Found module LED_O2.R_D with layout_path: None
INFO: Found module LDO_3V3.C_OUT with layout_path: None
INFO: Found module MCU.FLASH with layout_path: None
INFO: Found module LED_PWR with layout_path: None
INFO: Found module SWD_HEADER with layout_path: None
INFO: Found module LED_O1.D with layout_path: None
INFO: Found module MCU.C_VREG_IN with layout_path: None
INFO: Found module USB_C.R_CC1 with layout_path: None
INFO: Found module MCU.C_ADC_AVDD with layout_path: None
INFO: Found module LED_PWR.D with layout_path: None
INFO: Found module LED_O1 with layout_path: None
INFO: Found module MCU.XO.C_OSC with layout_path: None
INFO: Found module MCU.FLASH.R_FLASH_IO3 with layout_path: None
INFO: --------------------------------------------------------------------------------
INFO: Running step: SetupBoard
INFO: --------------------------------------------------------------------------------
INFO: Starting SetupBoard...
INFO: Applying board configuration from /var/folders/ds/0jn6lccn1g331vcm8wgshsgm0000gn/T/.tmpzwWD0x/board_config.json
INFO: Set minimum clearance: 0.09mm
INFO: Set minimum track width: 0.09mm
INFO: Set minimum via diameter: 0.25mm
INFO: Set copper to hole clearance: 0.2mm
INFO: Set copper to edge clearance: 0.3mm
INFO: Set minimum through hole: 0.15mm
INFO: Set hole to hole clearance: 0.2mm
INFO: Set minimum uvia diameter: 0.15mm
INFO: Set minimum uvia hole: 0.1mm
INFO: Set silkscreen minimum item clearance: 0.1mm
INFO: Set 5 pre-defined track widths (including 0.0 placeholder)
INFO: Set 4 pre-defined via dimensions (including 0.0/0.0 placeholder)
INFO: Updated internal m_DefaultNetclass with properties from 'Default' netclass
INFO: Set 1 netclasses
INFO: Completed SetupBoard in 0.001 seconds
INFO: --------------------------------------------------------------------------------
INFO: Running step: ApplyMovedPaths
INFO: --------------------------------------------------------------------------------
INFO: Starting ApplyMovedPaths...
INFO: Applying 56 path remappings
INFO: Completed ApplyMovedPaths in 0.001 seconds
INFO: --------------------------------------------------------------------------------
INFO: Running step: ImportNetlist
INFO: --------------------------------------------------------------------------------
INFO: Starting ImportNetlist...
DEBUG: Environment setup took 0.000 seconds
DEBUG: Footprint library map loading took 0.002 seconds
INFO: 6b0882fc-0170-51bd-9a3a-60e78fedbc68 (R12): Updating metadata
INFO: 3c2f1102-96ea-5ed6-bf6b-0a0a01d193d6 (TP4): Updating metadata
INFO: bd890105-30ec-549f-813b-c5afeca04895 (R4): Updating metadata
INFO: 9eb3a1ff-803d-5894-83f9-6663a5f09185 (U1): Updating metadata
INFO: a2c6944f-988f-5879-82cb-07cd74c1cc27 (R17): Updating metadata
INFO: 191ba8bf-30fc-5639-b218-e42262dcb2da (R9): Updating metadata
INFO: 024a218a-77c3-5180-a7cd-dc73b59416bf (D8): Updating metadata
INFO: 72d54ea3-1315-5590-9978-a9cb2d26873d (FB1): Updating metadata
INFO: e37285f6-6de0-5ce7-9781-4b4eebcc8a41 (C7): Updating metadata
INFO: 5aadf3d5-1a83-5151-bc94-d31cc7896178 (C1): Updating metadata
INFO: 1655c30a-4fb5-5a03-98e9-aa0016e1dce5 (R15): Updating metadata
INFO: 7fb0ca64-e928-5cb1-810f-44240f321a1d (R10): Updating metadata
INFO: 139782df-477b-548d-a60c-647cd9cb8f3c (TP3): Updating metadata
INFO: 7a1c0f50-a769-5370-bd45-ccb179aeac26 (TP6): Updating metadata
INFO: 16d5d53f-3bcf-551a-aa53-d1c8446f6434 (C14): Updating metadata
INFO: 88b9dcba-6b9c-5178-90b6-ba99e72fe122 (D4): Updating metadata
INFO: 15f1989c-e794-50fb-b980-2686e3c900de (R6): Updating metadata
INFO: 07d47dcb-a072-5834-b0a5-8189fb0f7519 (D2): Updating metadata
INFO: 4810e8e4-8866-54de-9c3a-080222e70f83 (C5): Updating metadata
INFO: 4831b5fe-8ef4-54d7-a000-f7502a2385f1 (R14): Updating metadata
INFO: 27808a5f-bc74-50cf-a4a4-da2dfe3e3a0e (R8): Updating metadata
INFO: 8e2e49c6-ccf0-5575-bc20-5edabde54d11 (U3): Updating metadata
INFO: 36608a37-ce5d-5482-b4f3-8a3abdd50a5a (SW1): Updating metadata
INFO: 1aabbef9-f1f7-5d33-a7d9-5b1a44b4b688 (R19): Updating metadata
INFO: 40589e14-3f6d-5ea9-a1d0-3ea1ce239973 (C15): Updating metadata
INFO: d5e5185f-0105-5af9-902e-425b6ff35879 (R11): Updating metadata
INFO: 544dc57c-baa2-5168-99a1-10f1e2971422 (TP1): Updating metadata
INFO: 38dfa049-5850-5c52-93f5-8249b65646d6 (D6): Updating metadata
INFO: 8fe2dcc3-2cce-5913-98a4-4ab600af44cf (R5): Updating metadata
INFO: cf2e0503-55dc-55bd-a739-f01f5c79df53 (C13): Updating metadata
INFO: 00c50cca-5a6e-56be-8d62-2a18f36e2300 (C10): Updating metadata
INFO: bc65f2a9-081e-55c3-931d-1ade81c56848 (C16): Updating metadata
INFO: 4f598f68-efb6-5ca9-94e5-f4fef873e527 (C12): Updating metadata
INFO: 0624ee77-955f-540a-bfbb-b3bc33d7f493 (C17): Updating metadata
INFO: 98bad0dd-c96e-5613-a40a-cf419e382e0a (D5): Updating metadata
INFO: 4693eddc-3724-571b-93e1-be80edf3301a (C11): Updating metadata
INFO: ffa1b1bb-ea51-5305-83f8-101ad39aa5cc (R7): Updating metadata
INFO: 010653a4-091f-5377-b10b-713a38287377 (R3): Updating metadata
INFO: 3071509e-e105-5e30-8ec3-1be534dcda0a (J1): Updating metadata
INFO: ea9c096e-77f3-52c5-a015-30f0a78f5718 (U2): Updating metadata
INFO: a504c5c1-978e-5adb-922d-6ed175a75e82 (D3): Updating metadata
INFO: 5de36814-13cb-5eca-8138-295ed3bd0b0b (J2): Updating metadata
INFO: 686bd81b-e0ec-5a4f-b9fa-4beaa91f84d5 (C2): Updating metadata
INFO: 8604f3d3-3b61-5e83-8bdd-e02d8b835941 (R1): Updating metadata
INFO: 628bb6a8-a4ed-5b62-8de8-9737380f64ad (TP2): Updating metadata
INFO: 81833830-1d93-5f83-9b32-56b55a6c4842 (R2): Updating metadata
INFO: ad59b617-d00b-58b2-b67e-c7ce8f44b245 (TP5): Updating metadata
INFO: 11b994f7-5296-55d5-8a34-3eb1537eb110 (C9): Updating metadata
INFO: 766ac038-4984-547e-b2ab-953c8bad0cab (R13): Updating metadata
INFO: 01882dd0-1478-5013-9208-ca31f7879fb8 (C4): Updating metadata
INFO: fac598ed-b720-5808-be92-e0d2f0e0aea3 (C18): Updating metadata
INFO: dc1ea883-e1ec-5da5-960d-5055519a8184 (C6): Updating metadata
INFO: 5d589ad0-b2c1-57b5-a4ea-2323de2021ad (D1): Updating metadata
INFO: 9d280e80-2204-5648-a936-98c5ebb72f84 (D7): Updating metadata
INFO: d0ba3130-0d9b-556c-9362-e4a5922814cf (U4): Updating metadata
INFO: acec6a2f-3615-5ef9-b8c2-58a15e2f1370 (R16): Updating metadata
INFO: d91d0882-4681-54df-88db-2cd0a6c41cec (C3): Updating metadata
INFO: 197a92c0-1091-5e4c-99db-ecb042eb8f14 (R18): Updating metadata
INFO: 5b2f3970-1e8c-5420-8272-975457830e4f (C8): Updating metadata
INFO: Footprint synchronization took 0.005 seconds
INFO: Adding net LED_O3
INFO: Connecting pad U3/15 to net LED_O3
INFO: Connecting pad R8/1 to net LED_O3
INFO: Adding net LDO_3V3.NC
INFO: Connecting pad U1/5 to net LDO_3V3.NC
INFO: Adding net MCU.VDD_1V1
INFO: Connecting pad U3/23 to net MCU.VDD_1V1
INFO: Connecting pad U3/50 to net MCU.VDD_1V1
INFO: Connecting pad U3/45 to net MCU.VDD_1V1
INFO: Connecting pad C4/1 to net MCU.VDD_1V1
INFO: Connecting pad C5/1 to net MCU.VDD_1V1
INFO: Connecting pad C15/1 to net MCU.VDD_1V1
INFO: Adding net SWD_SWCLK
INFO: Connecting pad U3/30 to net SWD_SWCLK
INFO: Connecting pad J1/4 to net SWD_SWCLK
INFO: Adding net TARGET_UART_RX
INFO: Connecting pad U3/40 to net TARGET_UART_RX
INFO: Connecting pad J1/6 to net TARGET_UART_RX
INFO: Adding net MCU.GPIO10
INFO: Connecting pad U3/13 to net MCU.GPIO10
INFO: Adding net USB_C.CC2
INFO: Connecting pad J2/B5 to net USB_C.CC2
INFO: Connecting pad R19/1 to net USB_C.CC2
INFO: Connecting pad D8/5 to net USB_C.CC2
INFO: Connecting pad D8/6 to net USB_C.CC2
INFO: Adding net VBUS_5V0
INFO: Connecting pad FB1/2 to net VBUS_5V0
INFO: Connecting pad C18/1 to net VBUS_5V0
INFO: Connecting pad U1/6 to net VBUS_5V0
INFO: Connecting pad C1/1 to net VBUS_5V0
INFO: Connecting pad R1/1 to net VBUS_5V0
INFO: Connecting pad TP6/1 to net VBUS_5V0
INFO: Connecting pad R16/1 to net VBUS_5V0
INFO: Adding net MCU.swd_SWDIO
INFO: Connecting pad U3/25 to net MCU.swd_SWDIO
INFO: Connecting pad TP3/1 to net MCU.swd_SWDIO
INFO: Adding net VBUS_DET
INFO: Connecting pad U3/16 to net VBUS_DET
INFO: Connecting pad R16/2 to net VBUS_DET
INFO: Connecting pad R17/1 to net VBUS_DET
INFO: Adding net MCU.XO_XOUT
INFO: Connecting pad U3/21 to net MCU.XO_XOUT
INFO: Adding net VDD_3V3
INFO: Connecting pad U1/1 to net VDD_3V3
INFO: Connecting pad C2/1 to net VDD_3V3
INFO: Connecting pad R2/1 to net VDD_3V3
INFO: Connecting pad U3/43 to net VDD_3V3
INFO: Connecting pad U3/44 to net VDD_3V3
INFO: Connecting pad U3/48 to net VDD_3V3
INFO: Connecting pad U3/1 to net VDD_3V3
INFO: Connecting pad U3/10 to net VDD_3V3
INFO: Connecting pad U3/22 to net VDD_3V3
INFO: Connecting pad U3/33 to net VDD_3V3
INFO: Connecting pad U3/42 to net VDD_3V3
INFO: Connecting pad U3/49 to net VDD_3V3
INFO: Connecting pad C6/1 to net VDD_3V3
INFO: Connecting pad C7/1 to net VDD_3V3
INFO: Connecting pad C8/1 to net VDD_3V3
INFO: Connecting pad C9/1 to net VDD_3V3
INFO: Connecting pad C10/1 to net VDD_3V3
INFO: Connecting pad C11/1 to net VDD_3V3
INFO: Connecting pad C3/1 to net VDD_3V3
INFO: Connecting pad C13/1 to net VDD_3V3
INFO: Connecting pad C14/1 to net VDD_3V3
INFO: Connecting pad R13/1 to net VDD_3V3
INFO: Connecting pad U2/8 to net VDD_3V3
INFO: Connecting pad C16/1 to net VDD_3V3
INFO: Connecting pad R10/2 to net VDD_3V3
INFO: Connecting pad R11/1 to net VDD_3V3
INFO: Connecting pad R12/1 to net VDD_3V3
INFO: Connecting pad U4/1 to net VDD_3V3
INFO: Connecting pad U4/4 to net VDD_3V3
INFO: Connecting pad C17/1 to net VDD_3V3
INFO: Connecting pad TP4/1 to net VDD_3V3
INFO: Connecting pad R9/1 to net VDD_3V3
INFO: Adding net MCU.QSPI_CS
INFO: Connecting pad U3/56 to net MCU.QSPI_CS
INFO: Connecting pad SW1/1 to net MCU.QSPI_CS
INFO: Connecting pad SW1/1 to net MCU.QSPI_CS
INFO: Connecting pad U2/1 to net MCU.QSPI_CS
INFO: Connecting pad R10/1 to net MCU.QSPI_CS
INFO: Adding net MCU.GPIO2
INFO: Connecting pad U3/4 to net MCU.GPIO2
INFO: Adding net LDO_3V3.EN
INFO: Connecting pad U1/4 to net LDO_3V3.EN
INFO: Connecting pad R1/2 to net LDO_3V3.EN
INFO: Adding net LED_O1.LED_R_NET
INFO: Connecting pad D3/2 to net LED_O1.LED_R_NET
INFO: Connecting pad R6/2 to net LED_O1.LED_R_NET
INFO: Adding net MCU.GPIO25
INFO: Connecting pad U3/37 to net MCU.GPIO25
INFO: Adding net MCU.GPIO7
INFO: Connecting pad U3/9 to net MCU.GPIO7
INFO: Adding net MCU.GPIO11
INFO: Connecting pad U3/14 to net MCU.GPIO11
INFO: Adding net MCU.QSPI_CLK
INFO: Connecting pad U3/52 to net MCU.QSPI_CLK
INFO: Connecting pad U2/6 to net MCU.QSPI_CLK
INFO: Adding net MCU.QSPI_IO2
INFO: Connecting pad U3/54 to net MCU.QSPI_IO2
INFO: Connecting pad U2/3 to net MCU.QSPI_IO2
INFO: Connecting pad R11/2 to net MCU.QSPI_IO2
INFO: Adding net MCU.GPIO21
INFO: Connecting pad U3/32 to net MCU.GPIO21
INFO: Adding net MCU.XO_XIN
INFO: Connecting pad U3/20 to net MCU.XO_XIN
INFO: Connecting pad U4/3 to net MCU.XO_XIN
INFO: Adding net MCU.swd_SWCLK
INFO: Connecting pad U3/24 to net MCU.swd_SWCLK
INFO: Connecting pad TP2/1 to net MCU.swd_SWCLK
INFO: Adding net MCU.GPIO23
INFO: Connecting pad U3/35 to net MCU.GPIO23
INFO: Adding net MCU.GPIO0
INFO: Connecting pad U3/2 to net MCU.GPIO0
INFO: Adding net TARGET_UART_TX
INFO: Connecting pad U3/41 to net TARGET_UART_TX
INFO: Connecting pad J1/8 to net TARGET_UART_TX
INFO: Adding net USB_C.SBU2
INFO: Connecting pad J2/B8 to net USB_C.SBU2
INFO: Adding net LED_PWR.LED_R_NET
INFO: Connecting pad D6/2 to net LED_PWR.LED_R_NET
INFO: Connecting pad R9/2 to net LED_PWR.LED_R_NET
INFO: Adding net TARGET_RESET
INFO: Connecting pad U3/29 to net TARGET_RESET
INFO: Connecting pad J1/10 to net TARGET_RESET
INFO: Adding net TARGET_V_SENSE
INFO: Connecting pad U3/38 to net TARGET_V_SENSE
INFO: Connecting pad J1/1 to net TARGET_V_SENSE
INFO: Adding net USB_C.SBU1
INFO: Connecting pad J2/A8 to net USB_C.SBU1
INFO: Adding net LED_O2
INFO: Connecting pad U3/17 to net LED_O2
INFO: Connecting pad R7/1 to net LED_O2
INFO: Adding net MCU.GPIO3
INFO: Connecting pad U3/5 to net MCU.GPIO3
INFO: Adding net MCU.QSPI_IO0
INFO: Connecting pad U3/53 to net MCU.QSPI_IO0
INFO: Connecting pad U2/5 to net MCU.QSPI_IO0
INFO: Adding net LED_B
INFO: Connecting pad U3/28 to net LED_B
INFO: Connecting pad R4/1 to net LED_B
INFO: Adding net USB_C.CC1
INFO: Connecting pad J2/A5 to net USB_C.CC1
INFO: Connecting pad R18/1 to net USB_C.CC1
INFO: Connecting pad D8/7 to net USB_C.CC1
INFO: Connecting pad D8/4 to net USB_C.CC1
INFO: Adding net MCU.USB_MCU_D_P
INFO: Connecting pad U3/47 to net MCU.USB_MCU_D_P
INFO: Connecting pad R15/1 to net MCU.USB_MCU_D_P
INFO: Adding net TARGET_GND_DETECT
INFO: Connecting pad U3/39 to net TARGET_GND_DETECT
INFO: Connecting pad J1/9 to net TARGET_GND_DETECT
INFO: Adding net MCU.GPIO22
INFO: Connecting pad U3/34 to net MCU.GPIO22
INFO: Adding net MCU.GPIO9
INFO: Connecting pad U3/12 to net MCU.GPIO9
INFO: Adding net MCU.QSPI_IO1
INFO: Connecting pad U3/55 to net MCU.QSPI_IO1
INFO: Connecting pad U2/2 to net MCU.QSPI_IO1
INFO: Adding net LED_O1
INFO: Connecting pad U3/18 to net LED_O1
INFO: Connecting pad R6/1 to net LED_O1
INFO: Adding net LED_O3.LED_R_NET
INFO: Connecting pad D5/2 to net LED_O3.LED_R_NET
INFO: Connecting pad R8/2 to net LED_O3.LED_R_NET
INFO: Adding net MCU.GPIO8
INFO: Connecting pad U3/11 to net MCU.GPIO8
INFO: Adding net SWD_SWDIO
INFO: Connecting pad U3/31 to net SWD_SWDIO
INFO: Connecting pad J1/2 to net SWD_SWDIO
INFO: Adding net NC
INFO: Connecting pad J1/7 to net NC
INFO: Adding net MCU.GPIO6
INFO: Connecting pad U3/8 to net MCU.GPIO6
INFO: Adding net USB_D_P
INFO: Connecting pad J2/A6 to net USB_D_P
INFO: Connecting pad J2/B6 to net USB_D_P
INFO: Connecting pad D8/1 to net USB_D_P
INFO: Connecting pad D8/10 to net USB_D_P
INFO: Connecting pad R15/2 to net USB_D_P
INFO: Adding net USB_D_N
INFO: Connecting pad J2/A7 to net USB_D_N
INFO: Connecting pad J2/B7 to net USB_D_N
INFO: Connecting pad D8/9 to net USB_D_N
INFO: Connecting pad D8/2 to net USB_D_N
INFO: Connecting pad R14/2 to net USB_D_N
INFO: Adding net USB_C.VBUS_RAW
INFO: Connecting pad J2/A4 to net USB_C.VBUS_RAW
INFO: Connecting pad J2/A9 to net USB_C.VBUS_RAW
INFO: Connecting pad J2/B4 to net USB_C.VBUS_RAW
INFO: Connecting pad J2/B9 to net USB_C.VBUS_RAW
INFO: Connecting pad D7/1 to net USB_C.VBUS_RAW
INFO: Connecting pad FB1/1 to net USB_C.VBUS_RAW
INFO: Adding net LED_G.LED_R_NET
INFO: Connecting pad D2/2 to net LED_G.LED_R_NET
INFO: Connecting pad R5/2 to net LED_G.LED_R_NET
INFO: Adding net MCU.GPIO24
INFO: Connecting pad U3/36 to net MCU.GPIO24
INFO: Adding net MCU.run
INFO: Connecting pad U3/26 to net MCU.run
INFO: Connecting pad R13/2 to net MCU.run
INFO: Connecting pad C12/1 to net MCU.run
INFO: Adding net MCU.QSPI_IO3
INFO: Connecting pad U3/51 to net MCU.QSPI_IO3
INFO: Connecting pad U2/7 to net MCU.QSPI_IO3
INFO: Connecting pad R12/2 to net MCU.QSPI_IO3
INFO: Adding net GND
INFO: Connecting pad J2/A1 to net GND
INFO: Connecting pad J2/A12 to net GND
INFO: Connecting pad J2/B1 to net GND
INFO: Connecting pad J2/B12 to net GND
INFO: Connecting pad J2/S1 to net GND
INFO: Connecting pad J2/S1 to net GND
INFO: Connecting pad J2/S1 to net GND
INFO: Connecting pad J2/S1 to net GND
INFO: Connecting pad D7/2 to net GND
INFO: Connecting pad C18/2 to net GND
INFO: Connecting pad R18/2 to net GND
INFO: Connecting pad R19/2 to net GND
INFO: Connecting pad D8/3 to net GND
INFO: Connecting pad D8/8 to net GND
INFO: Connecting pad U1/3 to net GND
INFO: Connecting pad U1/7 to net GND
INFO: Connecting pad C1/2 to net GND
INFO: Connecting pad C2/2 to net GND
INFO: Connecting pad R3/2 to net GND
INFO: Connecting pad U3/57 to net GND
INFO: Connecting pad U3/19 to net GND
INFO: Connecting pad C4/2 to net GND
INFO: Connecting pad C5/2 to net GND
INFO: Connecting pad C6/2 to net GND
INFO: Connecting pad C7/2 to net GND
INFO: Connecting pad C8/2 to net GND
INFO: Connecting pad C9/2 to net GND
INFO: Connecting pad C10/2 to net GND
INFO: Connecting pad C11/2 to net GND
INFO: Connecting pad C3/2 to net GND
INFO: Connecting pad C13/2 to net GND
INFO: Connecting pad C14/2 to net GND
INFO: Connecting pad C15/2 to net GND
INFO: Connecting pad C12/2 to net GND
INFO: Connecting pad SW1/2 to net GND
INFO: Connecting pad SW1/2 to net GND
INFO: Connecting pad U2/4 to net GND
INFO: Connecting pad C16/2 to net GND
INFO: Connecting pad U4/2 to net GND
INFO: Connecting pad C17/2 to net GND
INFO: Connecting pad J1/5 to net GND
INFO: Connecting pad J1/3 to net GND
INFO: Connecting pad TP5/1 to net GND
INFO: Connecting pad R17/2 to net GND
INFO: Connecting pad D1/1 to net GND
INFO: Connecting pad D2/1 to net GND
INFO: Connecting pad D3/1 to net GND
INFO: Connecting pad D4/1 to net GND
INFO: Connecting pad D5/1 to net GND
INFO: Connecting pad D6/1 to net GND
INFO: Adding net LED_G
INFO: Connecting pad U3/27 to net LED_G
INFO: Connecting pad R5/1 to net LED_G
INFO: Adding net LED_O2.LED_R_NET
INFO: Connecting pad D4/2 to net LED_O2.LED_R_NET
INFO: Connecting pad R7/2 to net LED_O2.LED_R_NET
INFO: Adding net MCU.USB_MCU_D_N
INFO: Connecting pad U3/46 to net MCU.USB_MCU_D_N
INFO: Connecting pad R14/1 to net MCU.USB_MCU_D_N
INFO: Adding net MCU.GPIO4
INFO: Connecting pad U3/6 to net MCU.GPIO4
INFO: Adding net LDO_3V3.LDO_FB
INFO: Connecting pad U1/2 to net LDO_3V3.LDO_FB
INFO: Connecting pad R2/2 to net LDO_3V3.LDO_FB
INFO: Connecting pad R3/1 to net LDO_3V3.LDO_FB
INFO: Adding net MCU.GPIO1
INFO: Connecting pad U3/3 to net MCU.GPIO1
INFO: Adding net LED_B.LED_R_NET
INFO: Connecting pad D1/2 to net LED_B.LED_R_NET
INFO: Connecting pad R4/2 to net LED_B.LED_R_NET
INFO: Adding net MCU.GPIO5
INFO: Connecting pad U3/7 to net MCU.GPIO5
INFO: Net synchronization took 0.003 seconds
DEBUG: Will create group LED_O3 with 2 children
DEBUG: Will create group LED_O1 with 2 children
DEBUG: Will create group USB_C with 7 children and layout
DEBUG: Will create group MCU.XO with 2 children
DEBUG: Will create group LED_O2 with 2 children
DEBUG: Will create group LDO_3V3 with 6 children
DEBUG: Will create group LED_G with 2 children
DEBUG: Will create group LED_PWR with 2 children
DEBUG: Will create group LED_B with 2 children
DEBUG: Will create group MCU.FLASH with 5 children
DEBUG: Will create group MCU with 22 children and layout
INFO: Using existing group: LDO_3V3
INFO: Using existing group: LED_B
INFO: Using existing group: LED_G
INFO: Using existing group: LED_O1
INFO: Using existing group: LED_O2
INFO: Using existing group: LED_O3
INFO: Using existing group: LED_PWR
INFO: Using existing group: MCU
INFO: Using existing group: MCU.FLASH
INFO: Using existing group: MCU.XO
INFO: Using existing group: USB_C
DEBUG: Added FB1 to group USB_C
DEBUG: Added C9 to group MCU
DEBUG: Added R4 to group LED_B
DEBUG: Added D2 to group LED_G
DEBUG: Added U1 to group LDO_3V3
DEBUG: Added C3 to group MCU
DEBUG: Added R8 to group LED_O3
DEBUG: Added D6 to group LED_PWR
DEBUG: Added R11 to group MCU.FLASH
DEBUG: Added U4 to group MCU.XO
DEBUG: Added C1 to group LDO_3V3
DEBUG: Added U3 to group MCU
DEBUG: Added C2 to group LDO_3V3
DEBUG: Added TP2 to group MCU
DEBUG: Added D3 to group LED_O1
DEBUG: Added U2 to group MCU.FLASH
DEBUG: Added C16 to group MCU.FLASH
DEBUG: Added C14 to group MCU
DEBUG: Added R1 to group LDO_3V3
DEBUG: Added R18 to group USB_C
DEBUG: Added C17 to group MCU.XO
DEBUG: Added R7 to group LED_O2
DEBUG: Added C7 to group MCU
DEBUG: Added SW1 to group MCU
DEBUG: Added R15 to group MCU
DEBUG: Added D7 to group USB_C
DEBUG: Added D5 to group LED_O3
DEBUG: Added D8 to group USB_C
DEBUG: Added D4 to group LED_O2
DEBUG: Added R3 to group LDO_3V3
DEBUG: Added C8 to group MCU
DEBUG: Added C11 to group MCU
DEBUG: Added R5 to group LED_G
DEBUG: Added R9 to group LED_PWR
DEBUG: Added R14 to group MCU
DEBUG: Added R10 to group MCU.FLASH
DEBUG: Added D1 to group LED_B
DEBUG: Added C12 to group MCU
DEBUG: Added R19 to group USB_C
DEBUG: Added C18 to group USB_C
DEBUG: Added C6 to group MCU
DEBUG: Added R13 to group MCU
DEBUG: Added TP3 to group MCU
DEBUG: Added J2 to group USB_C
DEBUG: Added C15 to group MCU
DEBUG: Added C13 to group MCU
DEBUG: Added R2 to group LDO_3V3
DEBUG: Added C5 to group MCU
DEBUG: Added C10 to group MCU
DEBUG: Added R12 to group MCU.FLASH
DEBUG: Added R6 to group LED_O1
DEBUG: Added C4 to group MCU
INFO: Group synchronization took 0.003 seconds
DEBUG: Board refresh took 0.000 seconds
INFO: Virtual DOM building took 0.019 seconds
INFO: Virtual DOM structure:
INFO: Board VirtualBoundingBox(x=129150000, y=79555000, width=22600000, height=45500000)
  LDO_3V3 VirtualBoundingBox(x=141865000, y=94000000, width=3580000, height=6550000)
    LDO_3V3.C_IN VirtualBoundingBox(x=143465000, y=94020000, width=970000, height=1870000)
      LDO_3V3.C_IN.C (C_0402_1005Metric:C_0402_1005Metric) VirtualBoundingBox(x=143465000, y=94020000, width=970000, height=1870000)
    LDO_3V3.C_OUT VirtualBoundingBox(x=141865000, y=96520000, width=970000, height=1870000)
      LDO_3V3.C_OUT.C (C_0402_1005Metric:C_0402_1005Metric) VirtualBoundingBox(x=141865000, y=96520000, width=970000, height=1870000)
    LDO_3V3.R_EN_PU VirtualBoundingBox(x=144455000, y=94000000, width=990000, height=1910000)
      LDO_3V3.R_EN_PU.R (R_0402_1005Metric:R_0402_1005Metric) VirtualBoundingBox(x=144455000, y=94000000, width=990000, height=1910000)
    LDO_3V3.R_FB1 VirtualBoundingBox(x=143495000, y=98585000, width=1910000, height=990000)
      LDO_3V3.R_FB1.R (R_0402_1005Metric:R_0402_1005Metric) VirtualBoundingBox(x=143495000, y=98585000, width=1910000, height=990000)
    LDO_3V3.R_FB2 VirtualBoundingBox(x=143495000, y=99560000, width=1910000, height=990000)
      LDO_3V3.R_FB2.R (R_0402_1005Metric:R_0402_1005Metric) VirtualBoundingBox(x=143495000, y=99560000, width=1910000, height=990000)
    LDO_3V3.U_LDO (WSON-6-1EP_2x2mm_P0.65mm_EP1x1.6mm:WSON-6-1EP_2x2mm_P0.65mm_EP1x1.6mm) VirtualBoundingBox(x=142800000, y=95900000, width=2625000, height=2935000)
  LED_B VirtualBoundingBox(x=145155000, y=111200000, width=990000, height=4045000)
    LED_B.D VirtualBoundingBox(x=145155000, y=113100000, width=990000, height=2145000)
      LED_B.D.LED (LED_0402_1005Metric:LED_0402_1005Metric) VirtualBoundingBox(x=145155000, y=113100000, width=990000, height=2145000)
    LED_B.R_D VirtualBoundingBox(x=145155000, y=111200000, width=990000, height=1910000)
      LED_B.R_D.R (R_0402_1005Metric:R_0402_1005Metric) VirtualBoundingBox(x=145155000, y=111200000, width=990000, height=1910000)
  LED_G VirtualBoundingBox(x=144155000, y=111200000, width=990000, height=4045000)
    LED_G.D VirtualBoundingBox(x=144155000, y=113100000, width=990000, height=2145000)
      LED_G.D.LED (LED_0402_1005Metric:LED_0402_1005Metric) VirtualBoundingBox(x=144155000, y=113100000, width=990000, height=2145000)
    LED_G.R_D VirtualBoundingBox(x=144155000, y=111200000, width=990000, height=1910000)
      LED_G.R_D.R (R_0402_1005Metric:R_0402_1005Metric) VirtualBoundingBox(x=144155000, y=111200000, width=990000, height=1910000)
  LED_O1 VirtualBoundingBox(x=135855000, y=112895000, width=990000, height=4045000)
    LED_O1.D VirtualBoundingBox(x=135855000, y=114795000, width=990000, height=2145000)
      LED_O1.D.LED (LED_0402_1005Metric:LED_0402_1005Metric) VirtualBoundingBox(x=135855000, y=114795000, width=990000, height=2145000)
    LED_O1.R_D VirtualBoundingBox(x=135855000, y=112895000, width=990000, height=1910000)
      LED_O1.R_D.R (R_0402_1005Metric:R_0402_1005Metric) VirtualBoundingBox(x=135855000, y=112895000, width=990000, height=1910000)
  LED_O2 VirtualBoundingBox(x=134855000, y=112895000, width=990000, height=4045000)
    LED_O2.D VirtualBoundingBox(x=134855000, y=114795000, width=990000, height=2145000)
      LED_O2.D.LED (LED_0402_1005Metric:LED_0402_1005Metric) VirtualBoundingBox(x=134855000, y=114795000, width=990000, height=2145000)
    LED_O2.R_D VirtualBoundingBox(x=134855000, y=112895000, width=990000, height=1910000)
      LED_O2.R_D.R (R_0402_1005Metric:R_0402_1005Metric) VirtualBoundingBox(x=134855000, y=112895000, width=990000, height=1910000)
  LED_O3 VirtualBoundingBox(x=133855000, y=112885000, width=990000, height=4045000)
    LED_O3.D VirtualBoundingBox(x=133855000, y=114785000, width=990000, height=2145000)
      LED_O3.D.LED (LED_0402_1005Metric:LED_0402_1005Metric) VirtualBoundingBox(x=133855000, y=114785000, width=990000, height=2145000)
    LED_O3.R_D VirtualBoundingBox(x=133855000, y=112885000, width=990000, height=1910000)
      LED_O3.R_D.R (R_0402_1005Metric:R_0402_1005Metric) VirtualBoundingBox(x=133855000, y=112885000, width=990000, height=1910000)
  LED_PWR VirtualBoundingBox(x=141555000, y=98665000, width=1990000, height=2145000)
    LED_PWR.D VirtualBoundingBox(x=141555000, y=98665000, width=990000, height=2145000)
      LED_PWR.D.LED (LED_0402_1005Metric:LED_0402_1005Metric) VirtualBoundingBox(x=141555000, y=98665000, width=990000, height=2145000)
    LED_PWR.R_D VirtualBoundingBox(x=142555000, y=98900000, width=990000, height=1910000)
      LED_PWR.R_D.R (R_0402_1005Metric:R_0402_1005Metric) VirtualBoundingBox(x=142555000, y=98900000, width=990000, height=1910000)
  MCU VirtualBoundingBox(x=133675000, y=94830000, width=12510000, height=22650000)
    MCU.C_ADC_AVDD VirtualBoundingBox(x=144265000, y=101000000, width=970000, height=1870000)
      MCU.C_ADC_AVDD.C (C_0402_1005Metric:C_0402_1005Metric) VirtualBoundingBox(x=144265000, y=101000000, width=970000, height=1870000)
    MCU.C_DVDD_1 VirtualBoundingBox(x=141015000, y=113020000, width=970000, height=1870000)
      MCU.C_DVDD_1.C (C_0402_1005Metric:C_0402_1005Metric) VirtualBoundingBox(x=141015000, y=113020000, width=970000, height=1870000)
    MCU.C_DVDD_2 VirtualBoundingBox(x=137265000, y=101020000, width=970000, height=1870000)
      MCU.C_DVDD_2.C (C_0402_1005Metric:C_0402_1005Metric) VirtualBoundingBox(x=137265000, y=101020000, width=970000, height=1870000)
    MCU.C_IOVDD_1 VirtualBoundingBox(x=144315000, y=108470000, width=1870000, height=970000)
      MCU.C_IOVDD_1.C (C_0402_1005Metric:C_0402_1005Metric) VirtualBoundingBox(x=144315000, y=108470000, width=1870000, height=970000)
    MCU.C_IOVDD_2 VirtualBoundingBox(x=144265000, y=103270000, width=970000, height=1870000)
      MCU.C_IOVDD_2.C (C_0402_1005Metric:C_0402_1005Metric) VirtualBoundingBox(x=144265000, y=103270000, width=970000, height=1870000)
    MCU.C_IOVDD_3 VirtualBoundingBox(x=140015000, y=113020000, width=970000, height=1870000)
      MCU.C_IOVDD_3.C (C_0402_1005Metric:C_0402_1005Metric) VirtualBoundingBox(x=140015000, y=113020000, width=970000, height=1870000)
    MCU.C_IOVDD_4 VirtualBoundingBox(x=134765000, y=103270000, width=970000, height=1870000)
      MCU.C_IOVDD_4.C (C_0402_1005Metric:C_0402_1005Metric) VirtualBoundingBox(x=134765000, y=103270000, width=970000, height=1870000)
    MCU.C_IOVDD_5 VirtualBoundingBox(x=133815000, y=108470000, width=1870000, height=970000)
      MCU.C_IOVDD_5.C (C_0402_1005Metric:C_0402_1005Metric) VirtualBoundingBox(x=133815000, y=108470000, width=1870000, height=970000)
    MCU.C_IOVDD_6 VirtualBoundingBox(x=138265000, y=101020000, width=970000, height=1870000)
      MCU.C_IOVDD_6.C (C_0402_1005Metric:C_0402_1005Metric) VirtualBoundingBox(x=138265000, y=101020000, width=970000, height=1870000)
    MCU.C_RUN_POR VirtualBoundingBox(x=142015000, y=113020000, width=970000, height=1870000)
      MCU.C_RUN_POR.C (C_0402_1005Metric:C_0402_1005Metric) VirtualBoundingBox(x=142015000, y=113020000, width=970000, height=1870000)
    MCU.C_USB_VDD VirtualBoundingBox(x=139265000, y=101020000, width=970000, height=1870000)
      MCU.C_USB_VDD.C (C_0402_1005Metric:C_0402_1005Metric) VirtualBoundingBox(x=139265000, y=101020000, width=970000, height=1870000)
    MCU.C_VREG_IN VirtualBoundingBox(x=143265000, y=101000000, width=970000, height=1870000)
      MCU.C_VREG_IN.C (C_0402_1005Metric:C_0402_1005Metric) VirtualBoundingBox(x=143265000, y=101000000, width=970000, height=1870000)
    MCU.C_VREG_VOUT VirtualBoundingBox(x=142265000, y=101000000, width=970000, height=1870000)
      MCU.C_VREG_VOUT.C (C_0402_1005Metric:C_0402_1005Metric) VirtualBoundingBox(x=142265000, y=101000000, width=970000, height=1870000)
    MCU.FLASH VirtualBoundingBox(x=133755000, y=98550000, width=5450000, height=4545000)
      MCU.FLASH.C_FLASH_DEC VirtualBoundingBox(x=133765000, y=98770000, width=970000, height=1870000)
        MCU.FLASH.C_FLASH_DEC.C (C_0402_1005Metric:C_0402_1005Metric) VirtualBoundingBox(x=133765000, y=98770000, width=970000, height=1870000)
      MCU.FLASH.R_FLASH_CS VirtualBoundingBox(x=133755000, y=100750000, width=990000, height=1910000)
        MCU.FLASH.R_FLASH_CS.R (R_0402_1005Metric:R_0402_1005Metric) VirtualBoundingBox(x=133755000, y=100750000, width=990000, height=1910000)
      MCU.FLASH.R_FLASH_IO2 VirtualBoundingBox(x=137295000, y=99710000, width=1910000, height=990000)
        MCU.FLASH.R_FLASH_IO2.R (R_0402_1005Metric:R_0402_1005Metric) VirtualBoundingBox(x=137295000, y=99710000, width=1910000, height=990000)
      MCU.FLASH.R_FLASH_IO3 VirtualBoundingBox(x=137295000, y=98710000, width=1910000, height=990000)
        MCU.FLASH.R_FLASH_IO3.R (R_0402_1005Metric:R_0402_1005Metric) VirtualBoundingBox(x=137295000, y=98710000, width=1910000, height=990000)
      MCU.FLASH.W25Q16JVUXIQ (Winbond_USON-8-1EP_3x2mm_P0.5mm_EP0.2x1.6mm:Winbond_USON-8-1EP_3x2mm_P0.5mm_EP0.2x1.6mm) VirtualBoundingBox(x=134610000, y=98550000, width=2665000, height=4545000)
    MCU.R_RUN_PU VirtualBoundingBox(x=143005000, y=113000000, width=990000, height=1910000)
      MCU.R_RUN_PU.R (R_0402_1005Metric:R_0402_1005Metric) VirtualBoundingBox(x=143005000, y=113000000, width=990000, height=1910000)
    MCU.R_USB_DM VirtualBoundingBox(x=141255000, y=101000000, width=990000, height=1910000)
      MCU.R_USB_DM.R (R_0402_1005Metric:R_0402_1005Metric) VirtualBoundingBox(x=141255000, y=101000000, width=990000, height=1910000)
    MCU.R_USB_DP VirtualBoundingBox(x=140255000, y=101000000, width=990000, height=1910000)
      MCU.R_USB_DP.R (R_0402_1005Metric:R_0402_1005Metric) VirtualBoundingBox(x=140255000, y=101000000, width=990000, height=1910000)
    MCU.SW_BOOTSEL VirtualBoundingBox(x=133675000, y=94830000, width=5650000, height=3650000)
      MCU.SW_BOOTSEL.SW (SW_Push_1P1T-SH_NO_CK_KMR2xxG:SW_Push_1P1T-SH_NO_CK_KMR2xxG) VirtualBoundingBox(x=133675000, y=94830000, width=5650000, height=3650000)
    MCU.TP_SWCLK VirtualBoundingBox(x=139925000, y=114930000, width=2550000, height=2550000)
      MCU.TP_SWCLK.TP (TestPoint_Pad_D1.5mm:TestPoint_Pad_D1.5mm) VirtualBoundingBox(x=139925000, y=114930000, width=2550000, height=2550000)
    MCU.TP_SWDIO VirtualBoundingBox(x=142425000, y=114930000, width=2550000, height=2550000)
      MCU.TP_SWDIO.TP (TestPoint_Pad_D1.5mm:TestPoint_Pad_D1.5mm) VirtualBoundingBox(x=142425000, y=114930000, width=2550000, height=2550000)
    MCU.XO VirtualBoundingBox(x=137125000, y=113030000, width=2850000, height=4410000)
      MCU.XO.C_OSC VirtualBoundingBox(x=137615000, y=116470000, width=1870000, height=970000)
        MCU.XO.C_OSC.C (C_0402_1005Metric:C_0402_1005Metric) VirtualBoundingBox(x=137615000, y=116470000, width=1870000, height=970000)
      MCU.XO.OSC (Oscillator_SMD_SeikoEpson_SG210-4Pin_2.5x2.0mm:Oscillator_SMD_SeikoEpson_SG210-4Pin_2.5x2.0mm) VirtualBoundingBox(x=137125000, y=113030000, width=2850000, height=3450000)
    MCU.RP2040 (QFN-56-1EP_7x7mm_P0.4mm_EP3.2x3.2mm:QFN-56-1EP_7x7mm_P0.4mm_EP3.2x3.2mm) VirtualBoundingBox(x=135845000, y=103845000, width=8310000, height=8310000)
  R_VBUS_DIV_H VirtualBoundingBox(x=133795000, y=106460000, width=1910000, height=990000)
    R_VBUS_DIV_H.R (R_0402_1005Metric:R_0402_1005Metric) VirtualBoundingBox(x=133795000, y=106460000, width=1910000, height=990000)
  R_VBUS_DIV_L VirtualBoundingBox(x=133795000, y=107460000, width=1910000, height=990000)
    R_VBUS_DIV_L.R (R_0402_1005Metric:R_0402_1005Metric) VirtualBoundingBox(x=133795000, y=107460000, width=1910000, height=990000)
  SWD_HEADER VirtualBoundingBox(x=136275000, y=117505000, width=7450000, height=4500000)
    SWD_HEADER.PH (PinHeader_2x05_P1.27mm_Vertical:PinHeader_2x05_P1.27mm_Vertical) VirtualBoundingBox(x=136275000, y=117505000, width=7450000, height=4500000)
  TP_3V3 VirtualBoundingBox(x=138725000, y=97225000, width=2550000, height=2550000)
    TP_3V3.TP (TestPoint_Pad_D1.5mm:TestPoint_Pad_D1.5mm) VirtualBoundingBox(x=138725000, y=97225000, width=2550000, height=2550000)
  TP_GND VirtualBoundingBox(x=138725000, y=99725000, width=2550000, height=2550000)
    TP_GND.TP (TestPoint_Pad_D1.5mm:TestPoint_Pad_D1.5mm) VirtualBoundingBox(x=138725000, y=99725000, width=2550000, height=2550000)
  TP_VBUS VirtualBoundingBox(x=138725000, y=94725000, width=2550000, height=2550000)
    TP_VBUS.TP (TestPoint_Pad_D1.5mm:TestPoint_Pad_D1.5mm) VirtualBoundingBox(x=138725000, y=94725000, width=2550000, height=2550000)
  USB_C VirtualBoundingBox(x=134655000, y=82850000, width=10690000, height=12012500)
    USB_C.C_VBUS VirtualBoundingBox(x=136595000, y=93352500, width=3010000, height=1510000)
      USB_C.C_VBUS.C (C_0603_1608Metric:C_0603_1608Metric) VirtualBoundingBox(x=136595000, y=93352500, width=3010000, height=1510000)
    USB_C.D_TVS_VBUS VirtualBoundingBox(x=135075000, y=91887500, width=1450000, height=2595000)
      USB_C.D_TVS_VBUS.TVS (D_SOD-523:D_SOD-523) VirtualBoundingBox(x=135075000, y=91887500, width=1450000, height=2595000)
    USB_C.FB_VBUS VirtualBoundingBox(x=136595000, y=91852500, width=3010000, height=1510000)
      USB_C.FB_VBUS.FB (R_0603_1608Metric:R_0603_1608Metric) VirtualBoundingBox(x=136595000, y=91852500, width=3010000, height=1510000)
    USB_C.R_CC1 VirtualBoundingBox(x=144005000, y=91852500, width=990000, height=1910000)
      USB_C.R_CC1.R (R_0402_1005Metric:R_0402_1005Metric) VirtualBoundingBox(x=144005000, y=91852500, width=990000, height=1910000)
    USB_C.R_CC2 VirtualBoundingBox(x=143005000, y=91852500, width=990000, height=1910000)
      USB_C.R_CC2.R (R_0402_1005Metric:R_0402_1005Metric) VirtualBoundingBox(x=143005000, y=91852500, width=990000, height=1910000)
    USB_C.TVS VirtualBoundingBox(x=139450000, y=91872500, width=3275000, height=1895000)
      USB_C.TVS.TVS (USON-10_2.5x1.0mm_P0.5mm:USON-10_2.5x1.0mm_P0.5mm) VirtualBoundingBox(x=139450000, y=91872500, width=3275000, height=1895000)
    USB_C.USB_C (USB_C_Receptacle_GCT_USB4105-xx-A_16P_TopMnt_Horizontal:USB_C_Receptacle_GCT_USB4105-xx-A_16P_TopMnt_Horizontal) VirtualBoundingBox(x=134655000, y=82850000, width=10690000, height=8990000)
  LOGO (logo:logo) VirtualBoundingBox(x=133587159, y=117786458, width=2548671, height=3160566)
  Zone:GND (net:1) VirtualBoundingBox(x=129150000, y=79555000, width=21900000, height=44900000)
  Zone:VCC (net:10) VirtualBoundingBox(x=129850000, y=80155000, width=21900000, height=44900000)
  Graphic:PCB_SHAPE VirtualBoundingBox(x=132450000, y=119950000, width=2100000, height=2100000)
  Graphic:PCB_SHAPE VirtualBoundingBox(x=145450000, y=119950000, width=2100000, height=2100000)
  Graphic:PCB_SHAPE VirtualBoundingBox(x=134450000, y=83350000, width=11100000, height=100000)
  Graphic:PCB_SHAPE VirtualBoundingBox(x=134450000, y=121950000, width=11100000, height=100000)
  Graphic:PCB_SHAPE VirtualBoundingBox(x=132450000, y=83350000, width=2100000, height=2100000)
  Graphic:PCB_SHAPE VirtualBoundingBox(x=145450000, y=83350000, width=2100000, height=2100000)
  Graphic:PCB_SHAPE VirtualBoundingBox(x=132450000, y=85350000, width=100000, height=34700000)
  Graphic:PCB_SHAPE VirtualBoundingBox(x=147450000, y=85350000, width=100000, height=34700000)
  Graphic:PCB_TEXT VirtualBoundingBox(x=143968368, y=117042619, width=2263264, height=4314762)
INFO: Completed ImportNetlist in 0.035 seconds
INFO: --------------------------------------------------------------------------------
INFO: Running step: SyncLayouts
INFO: --------------------------------------------------------------------------------
INFO: Starting SyncLayouts...
DEBUG: Skipping group LDO_3V3 - not newly added
DEBUG: Skipping group LED_B - not newly added
DEBUG: Skipping group LED_G - not newly added
DEBUG: Skipping group LED_O1 - not newly added
DEBUG: Skipping group LED_O2 - not newly added
DEBUG: Skipping group LED_O3 - not newly added
DEBUG: Skipping group LED_PWR - not newly added
DEBUG: Skipping group MCU - not newly added
DEBUG: Skipping group R_VBUS_DIV_H - not newly added
DEBUG: Skipping group R_VBUS_DIV_L - not newly added
DEBUG: Skipping group SWD_HEADER - not newly added
DEBUG: Skipping group TP_3V3 - not newly added
DEBUG: Skipping group TP_GND - not newly added
DEBUG: Skipping group TP_VBUS - not newly added
DEBUG: Skipping group USB_C - not newly added
DEBUG: Skipping group LDO_3V3.C_IN - not newly added
DEBUG: Skipping group LDO_3V3.C_OUT - not newly added
DEBUG: Skipping group LDO_3V3.R_EN_PU - not newly added
DEBUG: Skipping group LDO_3V3.R_FB1 - not newly added
DEBUG: Skipping group LDO_3V3.R_FB2 - not newly added
DEBUG: Skipping group LED_B.D - not newly added
DEBUG: Skipping group LED_B.R_D - not newly added
DEBUG: Skipping group LED_G.D - not newly added
DEBUG: Skipping group LED_G.R_D - not newly added
DEBUG: Skipping group LED_O1.D - not newly added
DEBUG: Skipping group LED_O1.R_D - not newly added
DEBUG: Skipping group LED_O2.D - not newly added
DEBUG: Skipping group LED_O2.R_D - not newly added
DEBUG: Skipping group LED_O3.D - not newly added
DEBUG: Skipping group LED_O3.R_D - not newly added
DEBUG: Skipping group LED_PWR.D - not newly added
DEBUG: Skipping group LED_PWR.R_D - not newly added
DEBUG: Skipping group MCU.C_ADC_AVDD - not newly added
DEBUG: Skipping group MCU.C_DVDD_1 - not newly added
DEBUG: Skipping group MCU.C_DVDD_2 - not newly added
DEBUG: Skipping group MCU.C_IOVDD_1 - not newly added
DEBUG: Skipping group MCU.C_IOVDD_2 - not newly added
DEBUG: Skipping group MCU.C_IOVDD_3 - not newly added
DEBUG: Skipping group MCU.C_IOVDD_4 - not newly added
DEBUG: Skipping group MCU.C_IOVDD_5 - not newly added
DEBUG: Skipping group MCU.C_IOVDD_6 - not newly added
DEBUG: Skipping group MCU.C_RUN_POR - not newly added
DEBUG: Skipping group MCU.C_USB_VDD - not newly added
DEBUG: Skipping group MCU.C_VREG_IN - not newly added
DEBUG: Skipping group MCU.C_VREG_VOUT - not newly added
DEBUG: Skipping group MCU.FLASH - not newly added
DEBUG: Skipping group MCU.R_RUN_PU - not newly added
DEBUG: Skipping group MCU.R_USB_DM - not newly added
DEBUG: Skipping group MCU.R_USB_DP - not newly added
DEBUG: Skipping group MCU.SW_BOOTSEL - not newly added
DEBUG: Skipping group MCU.TP_SWCLK - not newly added
DEBUG: Skipping group MCU.TP_SWDIO - not newly added
DEBUG: Skipping group MCU.XO - not newly added
DEBUG: Skipping group USB_C.C_VBUS - not newly added
DEBUG: Skipping group USB_C.D_TVS_VBUS - not newly added
DEBUG: Skipping group USB_C.FB_VBUS - not newly added
DEBUG: Skipping group USB_C.R_CC1 - not newly added
DEBUG: Skipping group USB_C.R_CC2 - not newly added
DEBUG: Skipping group USB_C.TVS - not newly added
DEBUG: Skipping group MCU.FLASH.C_FLASH_DEC - not newly added
DEBUG: Skipping group MCU.FLASH.R_FLASH_CS - not newly added
DEBUG: Skipping group MCU.FLASH.R_FLASH_IO2 - not newly added
DEBUG: Skipping group MCU.FLASH.R_FLASH_IO3 - not newly added
DEBUG: Skipping group MCU.XO.C_OSC - not newly added
INFO: Completed layout sync: synced 0 groups
INFO: Completed SyncLayouts in 0.001 seconds
INFO: --------------------------------------------------------------------------------
INFO: Running step: PlaceComponents
INFO: --------------------------------------------------------------------------------
INFO: Starting PlaceComponents...
INFO: Starting hierarchical component placement
INFO: No items were placed
INFO: Completed hierarchical component placement
INFO: Completed PlaceComponents in 0.000 seconds
INFO: --------------------------------------------------------------------------------
INFO: Running step: FinalizeBoard
INFO: --------------------------------------------------------------------------------
INFO: Starting FinalizeBoard...
INFO: Saved layout snapshot to /Users/akhilles/src/diode/demo/boards/DM0002/layout/snapshot.layout.json
INFO: Snapshot export took 0.016 seconds
INFO: Board saving took 0.017 seconds
INFO: Completed FinalizeBoard in 0.039 seconds
SUMMARY: 64 unchanged, 0 renamed, 0 split
